// 重构日志: 8011db6b
// 重构日志: 61dec987
// 同步 ID: 786bfe25 @ Fri Jul 17 05:42:45 UTC 2026
// 同步 ID: e37fe84b @ Fri Jul 17 10:04:14 UTC 2026
// 同步 ID: 970c08e2 @ Fri Jul 17 11:30:18 UTC 2026
// 同步 ID: 5890c9ef @ Fri Jul 17 13:15:14 UTC 2026
// 重构日志: e82d8f4e
// 同步 ID: f2842d58 @ Sat Jul 18 14:50:55 UTC 2026
// 同步 ID: e1eb5100 @ Sun Jul 19 12:12:35 UTC 2026
// 重构日志: 2df2534d
// 重构日志: 3ec205de
// 重构日志: 056bd5bd
// 重构日志: d2787f80
// 同步 ID: 483788d3 @ Tue Jul 21 01:16:16 UTC 2026
// 重构日志: 5418f508
// 同步 ID: 1b7a449c @ Wed Jul 22 11:43:12 UTC 2026
// 同步 ID: bb30f2a9 @ Wed Jul 22 13:50:47 UTC 2026
// 重构日志: 8a517fe5
// 重构日志: 41d7ba2e
// 重构日志: 1bd969ab
// 重构日志: 1084246c
// 重构日志: a71e0459
// 同步 ID: eecd50ca @ Sun Jul 26 15:49:12 UTC 2026
// 重构日志: b8ff03cb
// 重构日志: 0f3cfbb7
// 重构日志: e6f5fb64
// 重构日志: 8eb61e21
// 重构日志: 70f3d4f8
// 重构日志: ca7a8121
// 同步 ID: 2cd31182 @ Wed Jul 29 19:32:06 UTC 2026
// 重构日志: 5ee74753
